Special Sequence Keywords Test
Testing the parsing logic for recommended and easy_apply keywords

Testing special sequence keyword parsing...
============================================================

Input: 'software,consultant,recommended'
  Expected: ['software', 'consultant', 'recommended']
  Got:      ['software', 'consultant', 'recommended']
  Match:    True

Input: 'Software,RECOMMENDED,consultant'
  Expected: ['Software', 'recommended', 'consultant']
  Got:      ['Software', 'recommended', 'consultant']
  Match:    True

Input: 'data analyst,easy_apply'
  Expected: ['data analyst', 'easy_apply']
  Got:      ['data analyst', 'easy_apply']
  Match:    True

Input: 'developer,EasyApply'
  Expected: ['developer', 'easy_apply']
  Got:      ['developer', 'easy_apply']
  Match:    True

Input: 'manager,EASY_APPLY,recommended'
  Expected: ['manager', 'easy_apply', 'recommended']
  Got:      ['manager', 'easy_apply', 'recommended']
  Match:    True

Input: 'recommended,software,easy_apply'
  Expected: ['recommended', 'software', 'easy_apply']
  Got:      ['recommended', 'software', 'easy_apply']
  Match:    True

Input: 'just,normal,terms'
  Expected: ['just', 'normal', 'terms']
  Got:      ['just', 'normal', 'terms']
  Match:    True

Input: 'RECOMMENDED'
  Expected: ['recommended']
  Got:      ['recommended']
  Match:    True

Input: 'recommended,EASY_APPLY'
  Expected: ['recommended', 'easy_apply']
  Got:      ['recommended', 'easy_apply']
  Match:    True

Input: 'software,  consultant  , RECOMMENDED'
  Expected: ['software', 'consultant', 'recommended']
  Got:      ['software', 'consultant', 'recommended']
  Match:    True

Input: ''
  Expected: []
  Got:      []
  Match:    True

Input: '   '
  Expected: []
  Got:      []
  Match:    True

============================================================
Overall result: ALL TESTS PASSED

Testing case-insensitive variations...
========================================
'recommended' -> 'recommended'
'RECOMMENDED' -> 'recommended'
'Recommended' -> 'recommended'
'ReCoMmEnDeD' -> 'recommended'
'easy_apply' -> 'easy_apply'
'EASY_APPLY' -> 'easy_apply'
'Easy_Apply' -> 'easy_apply'
'EaSy_ApPlY' -> 'easy_apply'
'easyapply' -> 'easy_apply'
'EASYAPPLY' -> 'easy_apply'
'EasyApply' -> 'easy_apply'
'eAsYaPpLy' -> 'easy_apply'
========================================

Test completed!
